Welcome to the Online Auction Sales Service!

Please enter login to Login.
login - Login

***LOGIN***
Enter Username: 
Enter Password: 
Welcome Sell-Standard User: testSSUser!

***MENU***
logout - Logout
advertise - Put up item for Auction
addcredit - Add Credit
listitems - List Items Up For Auction
changepassword - Change Your Password
***Add Credit***
User Found! Please proceed to add a credit amount.
Enter the amount of credit to add: 

The specified credit has been successfully add to the indicated account!

***MENU***
logout - Logout
advertise - Put up item for Auction
addcredit - Add Credit
listitems - List Items Up For Auction
changepassword - Change Your Password

You have successfully logged out.
