03 itemForBid2         testFSUser      012 047.00
00 testFSUser      FS 000000.00
