06 testSSUser      SS 000100.00
00 testSSUser      SS 000000.00
