06 testFSUser      FS 000100.00
00 testFSUser      FS 000000.00
