06 testBSUser      BS 000100.00
00 testAAUser      AA 000000.00
