04 itemToBidOn         sellerUserTest  testFSUser      025.00
00 testFSUser      FS 000000.00
