04 itemToBidOn         sellerUserTest  testAAUser      025.00
00 testAAUser      AA 000000.00
