Welcome to the Online Auction Sales Service!

Please enter login to Login.
login - Login

***LOGIN***
Enter Username: 
Enter Password: 
Welcome Buy-Standard User: testBSUser!

***MENU***
logout - Logout
bid - Make a bid on an available item
addcredit - Add Credit
listitems - List Items Up For Auction
changepassword - Change Your Password
***MAKING A BID***

Enter Item Name: 
Enter seller's username: Item sold by this seller does not exist

***MENU***
logout - Logout
bid - Make a bid on an available item
addcredit - Add Credit
listitems - List Items Up For Auction
changepassword - Change Your Password

You have successfully logged out.
