01 testUser        AA 000000.00
00 testAAUser      AA 000000.00
