06 testBSUser      BS 000010.00
00 testAAUser      AA 000000.00
