03 itemForBid3         testAAUser      005 216.00
00 testAAUser      AA 000000.00
