Welcome to the Online Auction Sales Service!

Please enter login to Login.
login - Login

***LOGIN***
Enter Username: 
Enter Password: 
Welcome Admin User: testAAUser!

***MENU***
logout - Logout
delete - Delete User Account
create - Create New Account
advertise - Put up item for Auction
bid - Make a bid on an available item
refund - Issue a refund
addcredit - Add Credit
accounts - Display all active accounts
listitems - List Items Up For Auction
changepassword - Change Your Password
***MAKING A BID***

Enter Item Name: 
Enter seller's username: Item sold by this seller does not exist

***MENU***
logout - Logout
delete - Delete User Account
create - Create New Account
advertise - Put up item for Auction
bid - Make a bid on an available item
refund - Issue a refund
addcredit - Add Credit
accounts - Display all active accounts
listitems - List Items Up For Auction
changepassword - Change Your Password

Invalid transaction code.

***MENU***
logout - Logout
delete - Delete User Account
create - Create New Account
advertise - Put up item for Auction
bid - Make a bid on an available item
refund - Issue a refund
addcredit - Add Credit
accounts - Display all active accounts
listitems - List Items Up For Auction
changepassword - Change Your Password

You have successfully logged out.
