04 itemToBidOn         sellerUserTest  testFSUser      020.00
00 testFSUser      FS 000000.00
