04 itemToBidOn         sellerUserTest  testBSUser      020.00
00 testBSUser      BS 000000.00
