04 itemToBidOn         sellerUserTest  testAAUser      020.00
00 testAAUser      AA 000000.00
