04 itemToBidOn         sellerUserTest  testFSUser      031.00
00 testFSUser      FS 000000.00
