Welcome to the Online Auction Sales Service!

Please enter login to Login.
login - Login

***LOGIN***
Enter Username: 
Enter Password: 
Welcome Full-Standard User: testingFull!

***MENU***
logout - Logout
advertise - Put up item for Auction
bid - Make a bid on an available item
addcredit - Add Credit
accounts - Display all active accounts
listitems - List Items Up For Auction
changepassword - Change Your Password
***MAKING A BID***

Enter Item Name: 
Enter seller's username: 
Current Highest Bid: 65.00
Enter New Bid: New bid amount is not at least 5%greater than the current bid. Please try again.

Enter New Bid: A bid has been successfully made for this item!

***MENU***
logout - Logout
advertise - Put up item for Auction
bid - Make a bid on an available item
addcredit - Add Credit
accounts - Display all active accounts
listitems - List Items Up For Auction
changepassword - Change Your Password

You have successfully logged out.
