04 itemToBidOn         sellerUserTest  testAAUser      031.00
00 testAAUser      AA 000000.00
