03 itemForBid6         testSSUser      004 005.00
00 testSSUser      SS 000000.00
