03 itemForBid6         testAAUser      004 005.00
00 testAAUser      AA 000000.00
