Welcome to the Online Auction Sales Service!

Please enter login to Login.
login - Login

***LOGIN***
Enter Username: 
Enter Password: 
Welcome Admin User: testAAUser!

***MENU***
logout - Logout
delete - Delete User Account
create - Create New Account
advertise - Put up item for Auction
bid - Make a bid on an available item
refund - Issue a refund
addcredit - Add Credit
accounts - Display all active accounts
listitems - List Items Up For Auction
changepassword - Change Your Password
***Issue a Refund***
Enter buyer's username: 
Enter seller's username: 
Enter the amount of credit to transfer: The refund has been successfully completed!

***MENU***
logout - Logout
delete - Delete User Account
create - Create New Account
advertise - Put up item for Auction
bid - Make a bid on an available item
refund - Issue a refund
addcredit - Add Credit
accounts - Display all active accounts
listitems - List Items Up For Auction
changepassword - Change Your Password

You have successfully logged out.
