05 testingBuyer    testingSeller   000010.00
00 testAAUser      AA 000000.00
