03 itemForBid          testAAUser      014 052.00
00 testAAUser      AA 000000.00
