04 itemToBidOn         sellerUserTest  testBSUser      045.00
00 testBSUser      BS 000000.00
