Welcome to the Online Auction Sales Service!

Please enter login to Login.
login - Login

***LOGIN***
Enter Username: 
Enter Password: 
Welcome Buy-Standard User: testingBuyer!

***MENU***
logout - Logout
bid - Make a bid on an available item
addcredit - Add Credit
listitems - List Items Up For Auction
changepassword - Change Your Password
***MAKING A BID***

Enter Item Name: 
Enter seller's username: 
Current Highest Bid: 65.00
Enter New Bid: A bid has been successfully made for this item!

***MENU***
logout - Logout
bid - Make a bid on an available item
addcredit - Add Credit
listitems - List Items Up For Auction
changepassword - Change Your Password

You have successfully logged out.
