06 testFSUser      FS 000200.00
00 testFSUser      FS 000000.00
