03 itemToBid           testSSUser      005 200.00
00 testSSUser      SS 000000.00
