03 testingBid4         testFSUser      012 015.00
00 testFSUser      FS 000000.00
