03 itemForBid1234      testFSUser      014 052.00
00 testFSUser      FS 000000.00
