06 testBSUser      BS 000720.00
00 testBSUser      BS 000000.00
