01 newUser         FS 000000.00 883
00 testAAUser      AA 000000.00
