06 testAAUser      AA 000720.00
00 testAAUser      AA 000000.00
