06 testSSUser      SS 000720.00
00 testSSUser      SS 000000.00
