Welcome to the Online Auction Sales Service!

Please enter login to Login.
login - Login

***LOGIN***
Enter Username: 
Enter Password: 
Welcome Full-Standard User: testFSUser!

***MENU***
logout - Logout
advertise - Put up item for Auction
bid - Make a bid on an available item
addcredit - Add Credit
accounts - Display all active accounts
listitems - List Items Up For Auction
changepassword - Change Your Password

***ADVERTISE***
Enter Item Name: Enter minimumBid: Enter Number of Days until auction ends: Number of days to auction is greater than 100 days. Please try again.
Enter Number of Days until auction ends: 
Item has been successfully put up for a bid!

***MENU***
logout - Logout
advertise - Put up item for Auction
bid - Make a bid on an available item
addcredit - Add Credit
accounts - Display all active accounts
listitems - List Items Up For Auction
changepassword - Change Your Password

You have successfully logged out.
