06 testFSUser      FS 000720.00
00 testFSUser      FS 000000.00
