03 testingBid4         testAAUser      012 015.00
00 testAAUser      AA 000000.00
