03 exampleItem         testSSUser      002 024.00
00 testSSUser      SS 000000.00
